// Jest Snapshot v1, https://goo.gl/fbAQLP

exports[`Calculator component Calculator component renders 1`] = `
Object {
  "asFragment": [Function],
  "baseElement": <body>
    <div>
      <div
        class="calculator-page"
      >
        <h2
          class="calculator-heading"
        >
          Let's do some math!
        </h2>
        <table
          class="calculator table-bordered"
        >
          <tbody>
            <tr
              class="output"
            >
              <td
                colspan="4"
              >
                0
                
              </td>
            </tr>
            <tr>
              <td>
                <input
                  type="button"
                  value="AC"
                />
              </td>
              <td>
                <input
                  type="button"
                  value="+/-"
                />
              </td>
              <td>
                <input
                  type="button"
                  value="%"
                />
              </td>
              <td
                class="orange-colour"
              >
                <input
                  type="button"
                  value="รท"
                />
              </td>
            </tr>
            <tr>
              <td>
                <input
                  type="button"
                  value="7"
                />
              </td>
              <td>
                <input
                  type="button"
                  value="8"
                />
              </td>
              <td>
                <input
                  type="button"
                  value="9"
                />
              </td>
              <td
                class="orange-colour"
              >
                <input
                  type="button"
                  value="x"
                />
              </td>
            </tr>
            <tr>
              <td>
                <input
                  type="button"
                  value="4"
                />
              </td>
              <td>
                <input
                  type="button"
                  value="5"
                />
              </td>
              <td>
                <input
                  type="button"
                  value="6"
                />
              </td>
              <td
                class="orange-colour"
              >
                <input
                  type="button"
                  value="-"
                />
              </td>
            </tr>
            <tr>
              <td>
                <input
                  type="button"
                  value="1"
                />
              </td>
              <td>
                <input
                  type="button"
                  value="2"
                />
              </td>
              <td>
                <input
                  type="button"
                  value="3"
                />
              </td>
              <td
                class="orange-colour"
              >
                <input
                  type="button"
                  value="+"
                />
              </td>
            </tr>
            <tr>
              <td
                colspan="2"
              >
                <input
                  type="button"
                  value="0"
                />
              </td>
              <td>
                <input
                  type="button"
                  value="."
                />
              </td>
              <td
                class="orange-colour"
              >
                <input
                  type="button"
                  value="="
                />
              </td>
            </tr>
          </tbody>
        </table>
      </div>
    </div>
  </body>,
  "container": <div>
    <div
      class="calculator-page"
    >
      <h2
        class="calculator-heading"
      >
        Let's do some math!
      </h2>
      <table
        class="calculator table-bordered"
      >
        <tbody>
          <tr
            class="output"
          >
            <td
              colspan="4"
            >
              0
              
            </td>
          </tr>
          <tr>
            <td>
              <input
                type="button"
                value="AC"
              />
            </td>
            <td>
              <input
                type="button"
                value="+/-"
              />
            </td>
            <td>
              <input
                type="button"
                value="%"
              />
            </td>
            <td
              class="orange-colour"
            >
              <input
                type="button"
                value="รท"
              />
            </td>
          </tr>
          <tr>
            <td>
              <input
                type="button"
                value="7"
              />
            </td>
            <td>
              <input
                type="button"
                value="8"
              />
            </td>
            <td>
              <input
                type="button"
                value="9"
              />
            </td>
            <td
              class="orange-colour"
            >
              <input
                type="button"
                value="x"
              />
            </td>
          </tr>
          <tr>
            <td>
              <input
                type="button"
                value="4"
              />
            </td>
            <td>
              <input
                type="button"
                value="5"
              />
            </td>
            <td>
              <input
                type="button"
                value="6"
              />
            </td>
            <td
              class="orange-colour"
            >
              <input
                type="button"
                value="-"
              />
            </td>
          </tr>
          <tr>
            <td>
              <input
                type="button"
                value="1"
              />
            </td>
            <td>
              <input
                type="button"
                value="2"
              />
            </td>
            <td>
              <input
                type="button"
                value="3"
              />
            </td>
            <td
              class="orange-colour"
            >
              <input
                type="button"
                value="+"
              />
            </td>
          </tr>
          <tr>
            <td
              colspan="2"
            >
              <input
                type="button"
                value="0"
              />
            </td>
            <td>
              <input
                type="button"
                value="."
              />
            </td>
            <td
              class="orange-colour"
            >
              <input
                type="button"
                value="="
              />
            </td>
          </tr>
        </tbody>
      </table>
    </div>
  </div>,
  "debug": [Function],
  "findAllByAltText": [Function],
  "findAllByDisplayValue": [Function],
  "findAllByLabelText": [Function],
  "findAllByPlaceholderText": [Function],
  "findAllByRole": [Function],
  "findAllByTestId": [Function],
  "findAllByText": [Function],
  "findAllByTitle": [Function],
  "findByAltText": [Function],
  "findByDisplayValue": [Function],
  "findByLabelText": [Function],
  "findByPlaceholderText": [Function],
  "findByRole": [Function],
  "findByTestId": [Function],
  "findByText": [Function],
  "findByTitle": [Function],
  "getAllByAltText": [Function],
  "getAllByDisplayValue": [Function],
  "getAllByLabelText": [Function],
  "getAllByPlaceholderText": [Function],
  "getAllByRole": [Function],
  "getAllByTestId": [Function],
  "getAllByText": [Function],
  "getAllByTitle": [Function],
  "getByAltText": [Function],
  "getByDisplayValue": [Function],
  "getByLabelText": [Function],
  "getByPlaceholderText": [Function],
  "getByRole": [Function],
  "getByTestId": [Function],
  "getByText": [Function],
  "getByTitle": [Function],
  "queryAllByAltText": [Function],
  "queryAllByDisplayValue": [Function],
  "queryAllByLabelText": [Function],
  "queryAllByPlaceholderText": [Function],
  "queryAllByRole": [Function],
  "queryAllByTestId": [Function],
  "queryAllByText": [Function],
  "queryAllByTitle": [Function],
  "queryByAltText": [Function],
  "queryByDisplayValue": [Function],
  "queryByLabelText": [Function],
  "queryByPlaceholderText": [Function],
  "queryByRole": [Function],
  "queryByTestId": [Function],
  "queryByText": [Function],
  "queryByTitle": [Function],
  "rerender": [Function],
  "unmount": [Function],
}
`;
