// Jest Snapshot v1, https://goo.gl/fbAQLP

exports[`should render an empty message when no books 1`] = `
<nav
  className="navbar"
>
  <a
    className="nav-brand"
    href="/"
  >
    Math Magicians
  </a>
  <ul>
    <li>
      <a
        aria-current="page"
        className="active-link"
        href="/"
        onClick={[Function]}
        style={Object {}}
      >
        Home
      </a>
    </li>
    <li>
      <a
        aria-current={null}
        href="/calculator"
        onClick={[Function]}
      >
        Calculator
      </a>
    </li>
    <li>
      <a
        aria-current={null}
        href="/quote"
        onClick={[Function]}
      >
        Quote
      </a>
    </li>
  </ul>
</nav>
`;
